// Jest Snapshot v1, https://goo.gl/fbAQLP

exports[`<BaseLayout /> should match snapshot 1`] = `
<div>
  <div
    class="sc-fzXfLV jNnMHZ"
  >
    <header
      class="sc-AykKG jUePou"
    >
      <div
        class="sc-AykKH lfcPJU"
      >
        <div
          class="sc-AykKI hDJZHg"
        >
          <img
            alt="Logo"
            class="sc-AykKJ cZyVLS"
            src=""
          />
        </div>
        <nav
          class="sc-AykKC iQEAXQ"
        >
          <a
            class="sc-AykKD qVxFp"
            href="/"
          >
            Home
          </a>
          <a
            class="sc-AykKD qVxFp"
            href="/shop"
          >
            Shop
          </a>
          <a
            class="sc-AykKD qVxFp"
            href="/about"
          >
            About
          </a>
          <a
            class="sc-AykKD qVxFp"
            href="/contact"
          >
            Contact
          </a>
        </nav>
        <div
          class="sc-AykKK boQPEe"
        >
          <div
            class="sc-fzXfLP xbbKg"
          >
            <div
              class="sc-AykKE kklpUo"
            >
              <span
                class="sc-AykKF bntODw"
              />
              <span
                class="sc-AykKF bntODw"
              />
              <span
                class="sc-AykKF bntODw"
              />
            </div>
          </div>
        </div>
      </div>
    </header>
    <main>
      <span
        data-test="child"
      >
        Test
      </span>
    </main>
    <footer
      class="sc-fzXfLQ A-dMgR"
    >
      <div
        class="sc-fzXfLR byIYMN"
      >
        <div
          class="sc-fzXfLS dvHLdz"
        >
          <h4
            class="sc-fzXfLT hUTruK"
          >
            Products
          </h4>
          <div
            class="sc-fzXfLU cKzFwF"
          >
            Random Item
          </div>
          <div
            class="sc-fzXfLU cKzFwF"
          >
            More Items
          </div>
          <div
            class="sc-fzXfLU cKzFwF"
          >
            Even More Items
          </div>
        </div>
      </div>
    </footer>
  </div>
</div>
`;
