// Jest Snapshot v1, https://goo.gl/fbAQLP

exports[`<BaseLayout /> should match snapshot 1`] = `
<div>
  <div
    class="sc-fzokOt cbzAgZ"
  >
    <header
      class="sc-AxhUy fzKupZ"
    >
      <div
        class="sc-AxgMl dtuOvO"
      >
        <div
          class="sc-AxheI dMmxDl"
        >
          <img
            alt="Logo"
            class="sc-Axmtr cHPSGX"
            src=""
          />
        </div>
        <nav
          class="sc-AxjAm hKoHcX"
        >
          <a
            class="sc-AxirZ bBdspm"
            href="/"
          >
            Home
          </a>
          <a
            class="sc-AxirZ bBdspm"
            href="/shop"
          >
            Shop
          </a>
          <a
            class="sc-AxirZ bBdspm"
            href="/about"
          >
            About
          </a>
          <a
            class="sc-AxirZ bBdspm"
            href="/contact"
          >
            Contact
          </a>
        </nav>
        <div
          class="sc-AxmLO fRRgPH"
        >
          <div
            class="sc-fzoLsD krjEt"
          >
            <div
              class="sc-AxiKw gtUqja"
            >
              <span
                class="sc-AxhCb gLqIrz"
              />
              <span
                class="sc-AxhCb gLqIrz"
              />
              <span
                class="sc-AxhCb gLqIrz"
              />
            </div>
          </div>
        </div>
      </div>
    </header>
    <main>
      <span
        data-test="child"
      >
        Test
      </span>
    </main>
    <footer
      class="sc-fzpans jUZkIV"
    >
      <div
        class="sc-fzplWN bZYfGV"
      >
        <div
          class="sc-fznyAO bpsAlg"
        >
          <h4
            class="sc-fznKkj kqSDYl"
          >
            Products
          </h4>
          <div
            class="sc-fznZeY ibBQnD"
          >
            Random Item
          </div>
          <div
            class="sc-fznZeY ibBQnD"
          >
            More Items
          </div>
          <div
            class="sc-fznZeY ibBQnD"
          >
            Even More Items
          </div>
        </div>
      </div>
    </footer>
  </div>
</div>
`;
